| gen_module.rs:3:1:4:8 | Module | gen_module.rs:4:5:4:7 | foo |
| gen_module.rs:5:1:7:1 | Module | gen_module.rs:5:5:5:7 | bar |
| lib.rs:1:1:1:15 | Module | lib.rs:1:5:1:14 | gen_module |
