| gen_path_segment.rs:5:5:5:8 | todo | gen_path_segment.rs:5:5:5:8 | todo |
| gen_path_segment.rs:5:5:5:11 | $crate | gen_path_segment.rs:5:5:5:11 | $crate |
| gen_path_segment.rs:5:5:5:11 | panic | gen_path_segment.rs:5:5:5:11 | panic |
| gen_path_segment.rs:5:5:5:11 | panicking | gen_path_segment.rs:5:5:5:11 | panicking |
