| gen_method_call_expr.rs:5:5:5:13 | ... .foo(...) | gen_method_call_expr.rs:5:5:5:5 | PathExpr |
| gen_method_call_expr.rs:6:5:6:25 | ... .foo(...) | gen_method_call_expr.rs:6:5:6:5 | PathExpr |
