| gen_record_expr_field.rs:5:11:5:14 | RecordExprField | gen_record_expr_field.rs:5:11:5:11 | a |
| gen_record_expr_field.rs:5:17:5:20 | RecordExprField | gen_record_expr_field.rs:5:17:5:17 | b |
