| main.rs:29:9:29:9 | a | Variable 'a' is not used. |
| main.rs:94:13:94:13 | d | Variable 'd' is not used. |
| main.rs:143:5:143:5 | y | Variable 'y' is not used. |
| main.rs:170:9:170:9 | x | Variable 'x' is not used. |
| main.rs:250:17:250:17 | a | Variable 'a' is not used. |
| main.rs:258:20:258:22 | val | Variable 'val' is not used. |
| main.rs:272:14:272:16 | val | Variable 'val' is not used. |
| main.rs:287:22:287:24 | val | Variable 'val' is not used. |
| main.rs:294:24:294:26 | val | Variable 'val' is not used. |
| main.rs:302:13:302:15 | num | Variable 'num' is not used. |
| main.rs:317:12:317:12 | j | Variable 'j' is not used. |
| main.rs:337:25:337:25 | y | Variable 'y' is not used. |
| main.rs:340:28:340:28 | a | Variable 'a' is not used. |
| main.rs:343:9:343:9 | p | Variable 'p' is not used. |
| main.rs:361:9:361:13 | right | Variable 'right' is not used. |
| main.rs:367:9:367:14 | right2 | Variable 'right2' is not used. |
| main.rs:374:13:374:13 | y | Variable 'y' is not used. |
| main.rs:382:21:382:21 | y | Variable 'y' is not used. |
| main.rs:427:26:427:28 | val | Variable 'val' is not used. |
| main.rs:430:21:430:23 | acc | Variable 'acc' is not used. |
| main.rs:451:9:451:14 | unused | Variable 'unused' is not used. |
| more.rs:24:9:24:11 | val | Variable 'val' is not used. |
